MPLINK 5.00, LINKER
Linker Map File - Created Thu Apr 17 09:50:26 2014

                                 Section Info
                  Section       Type    Address   Location Size(Bytes)
                ---------  ---------  ---------  ---------  ---------
                   .org_0       code   0x000000    program   0x000000
                   .org_1       code   0x000000    program   0x000004
                   .org_2       code   0x000008    program   0x000004
                   .org_3       code   0x000018    program   0x000fae
    .config_300001_MAIN.O    romdata   0x300001    program   0x000001
    .config_300002_MAIN.O    romdata   0x300002    program   0x000001
    .config_300003_MAIN.O    romdata   0x300003    program   0x000001
    .config_300005_MAIN.O    romdata   0x300005    program   0x000001
    .config_300006_MAIN.O    romdata   0x300006    program   0x000001
    .config_300008_MAIN.O    romdata   0x300008    program   0x000001
    .config_300009_MAIN.O    romdata   0x300009    program   0x000001
    .config_30000A_MAIN.O    romdata   0x30000a    program   0x000001
    .config_30000B_MAIN.O    romdata   0x30000b    program   0x000001
    .config_30000C_MAIN.O    romdata   0x30000c    program   0x000001
    .config_30000D_MAIN.O    romdata   0x30000d    program   0x000001



                              Program Memory Usage 
                               Start         End      
                           ---------   ---------      
                            0x000000    0x000003      
                            0x000008    0x00000b      
                            0x000018    0x000fc5      
                            0x300001    0x300003      
                            0x300005    0x300006      
                            0x300008    0x30000d      
            4033 out of 33048 program addresses used, program memory utilization is 12%



                              Symbols - Sorted by Name
                     Name    Address   Location    Storage File                     
                ---------  ---------  ---------  --------- ---------                
                  Bin2BCD   0x000a30    program     static E:\CP316\ROBOPIC.X\ROBOPIC.X\BCD.inc
                  CCPdone   0x000f74    program     static E:\CP316\ROBOPIC.X\ROBOPIC.X\main.asm
                D1616AGEB   0x000570    program     static C:\MATH18\FXD1616U.INC   
               D1616B0GT0   0x000558    program     static C:\MATH18\FXD1616U.INC   
                 D1616QOK   0x0005f0    program     static C:\MATH18\FXD1616U.INC   
               D1616QZERO   0x000434    program     static C:\MATH18\UTILS.INC      
              D1616UNRMOK   0x0005c8    program     static C:\MATH18\FXD1616U.INC   
                D1616UQOK   0x0005dc    program     static C:\MATH18\FXD1616U.INC   
                D2416AGTB   0x000630    program     static C:\MATH18\FXD2416U.INC   
                D2416BGT1   0x000614    program     static C:\MATH18\FXD2416U.INC   
              D2416FIXREM   0x00072e    program     static C:\MATH18\FXD2416U.INC   
                 D2416QOK   0x000718    program     static C:\MATH18\FXD2416U.INC   
               D2416REMOK   0x000754    program     static C:\MATH18\FXD2416U.INC   
               D2416ULOOP   0x0006a4    program     static C:\MATH18\FXD2416U.INC   
              D2416UNRMOK   0x000692    program     static C:\MATH18\FXD2416U.INC   
                D2416UQOK   0x0006ee    program     static C:\MATH18\FXD2416U.INC   
              D2416UQTEST   0x0006c4    program     static C:\MATH18\FXD2416U.INC   
               D2424QZERO   0x00042e    program     static C:\MATH18\UTILS.INC      
                D3216AGTB   0x00079e    program     static C:\MATH18\FXD3216U.inc   
                D3216BGT1   0x00077a    program     static C:\MATH18\FXD3216U.inc   
              D3216FIXREM   0x0008b2    program     static C:\MATH18\FXD3216U.inc   
                 D3216QOK   0x000894    program     static C:\MATH18\FXD3216U.inc   
               D3216REMOK   0x0008d8    program     static C:\MATH18\FXD3216U.inc   
               D3216ULOOP   0x000822    program     static C:\MATH18\FXD3216U.inc   
              D3216UNRMOK   0x000810    program     static C:\MATH18\FXD3216U.inc   
                D3216UQOK   0x00086a    program     static C:\MATH18\FXD3216U.inc   
              D3216UQTEST   0x000840    program     static C:\MATH18\FXD3216U.inc   
               D3232QZERO   0x000428    program     static C:\MATH18\UTILS.INC      
                 DGETNRMD   0x000406    program     static C:\MATH18\UTILS.INC      
                DGETNRMDH   0x00041c    program     static C:\MATH18\UTILS.INC      
                DGETNRMDL   0x00040c    program     static C:\MATH18\UTILS.INC      
                DREMZERO8   0x000442    program     static C:\MATH18\UTILS.INC      
                 FXD1608U   0x000446    program     static C:\MATH18\FXD1608U.INC   
                FXD1608U1   0x00044e    program     static C:\MATH18\FXD1608U.INC   
                FXD1608U2   0x000460    program     static C:\MATH18\FXD1608U.INC   
                 FXD1616U   0x000544    program     static C:\MATH18\FXD1616U.INC   
                 FXD2408U   0x000512    program     static C:\MATH18\FXD2408U.INC   
                 FXD2416U   0x0005fa    program     static C:\MATH18\FXD2416U.INC   
                 FXD3208U   0x0004c8    program     static C:\MATH18\FXD3208U.INC   
                 FXD3216U   0x000760    program     static C:\MATH18\FXD3216U.inc   
                IBXTBL256   0x000204    program     static C:\MATH18\TBL256.INC     
                 IR_check   0x000cd2    program     static E:\CP316\ROBOPIC.X\ROBOPIC.X\IR.inc
           IR_displayFreq   0x000d1c    program     static E:\CP316\ROBOPIC.X\ROBOPIC.X\IR.inc
                  IR_done   0x000d14    program     static E:\CP316\ROBOPIC.X\ROBOPIC.X\IR.inc
                 ISR_CCP1   0x000f58    program     static E:\CP316\ROBOPIC.X\ROBOPIC.X\main.asm
                 ISR_high   0x000eb6    program     static E:\CP316\ROBOPIC.X\ROBOPIC.X\main.asm
            ISR_high_done   0x000f36    program     static E:\CP316\ROBOPIC.X\ROBOPIC.X\main.asm
            ISR_high_pri0   0x000ec4    program     static E:\CP316\ROBOPIC.X\ROBOPIC.X\main.asm
            ISR_high_pri1   0x000eee    program     static E:\CP316\ROBOPIC.X\ROBOPIC.X\main.asm
                  ISR_low   0x000f40    program     static E:\CP316\ROBOPIC.X\ROBOPIC.X\main.asm
             ISR_low_done   0x000fa8    program     static E:\CP316\ROBOPIC.X\ROBOPIC.X\main.asm
            ISR_low_doneU   0x000fa4    program     static E:\CP316\ROBOPIC.X\ROBOPIC.X\main.asm
               ISR_ultraA   0x000f78    program     static E:\CP316\ROBOPIC.X\ROBOPIC.X\main.asm
               ISR_ultraB   0x000f88    program     static E:\CP316\ROBOPIC.X\ROBOPIC.X\main.asm
              ISR_usartRX   0x000f98    program     static E:\CP316\ROBOPIC.X\ROBOPIC.X\main.asm
                LCD_clear   0x0009f4    program     static E:\CP316\ROBOPIC.X\ROBOPIC.X\LCD.inc
            LCD_printChar   0x000992    program     static E:\CP316\ROBOPIC.X\ROBOPIC.X\LCD.inc
             LCD_printHex   0x000978    program     static E:\CP316\ROBOPIC.X\ROBOPIC.X\LCD.inc
          LCD_printString   0x000982    program     static E:\CP316\ROBOPIC.X\ROBOPIC.X\LCD.inc
           LCD_returnHome   0x0009d8    program     static E:\CP316\ROBOPIC.X\ROBOPIC.X\LCD.inc
                 LCD_send   0x000a10    program     static E:\CP316\ROBOPIC.X\ROBOPIC.X\LCD.inc
                LCD_send2   0x000a1a    program     static E:\CP316\ROBOPIC.X\ROBOPIC.X\LCD.inc
              LCD_setAddr   0x0009a4    program     static E:\CP316\ROBOPIC.X\ROBOPIC.X\LCD.inc
             LCD_shiftLCD   0x0009b6    program     static E:\CP316\ROBOPIC.X\ROBOPIC.X\LCD.inc
           LCD_shiftRight   0x0009c4    program     static E:\CP316\ROBOPIC.X\ROBOPIC.X\LCD.inc
            LCD_shiftSend   0x0009c6    program     static E:\CP316\ROBOPIC.X\ROBOPIC.X\LCD.inc
                  LCDinit   0x0008e8    program     static E:\CP316\ROBOPIC.X\ROBOPIC.X\LCD.inc
              RPG_calcCCW   0x000b32    program     static E:\CP316\ROBOPIC.X\ROBOPIC.X\RPG.inc
               RPG_ccwDir   0x000b26    program     static E:\CP316\ROBOPIC.X\ROBOPIC.X\RPG.inc
              RPG_changed   0x000b1e    program     static E:\CP316\ROBOPIC.X\ROBOPIC.X\RPG.inc
                RPG_check   0x000b12    program     static E:\CP316\ROBOPIC.X\ROBOPIC.X\RPG.inc
                RPG_cwDir   0x000b2c    program     static E:\CP316\ROBOPIC.X\ROBOPIC.X\RPG.inc
                  RPG_dec   0x000b46    program     static E:\CP316\ROBOPIC.X\ROBOPIC.X\RPG.inc
              RPG_decDone   0x000b50    program     static E:\CP316\ROBOPIC.X\ROBOPIC.X\RPG.inc
            RPG_doneCheck   0x000b30    program     static E:\CP316\ROBOPIC.X\ROBOPIC.X\RPG.inc
             RPG_doneNext   0x000b40    program     static E:\CP316\ROBOPIC.X\ROBOPIC.X\RPG.inc
                  RPG_get   0x000b00    program     static E:\CP316\ROBOPIC.X\ROBOPIC.X\RPG.inc
                  RPG_inc   0x000b52    program     static E:\CP316\ROBOPIC.X\ROBOPIC.X\RPG.inc
           RPG_resetCount   0x000b58    program     static E:\CP316\ROBOPIC.X\ROBOPIC.X\RPG.inc
                 RPG_setz   0x000b3e    program     static E:\CP316\ROBOPIC.X\ROBOPIC.X\RPG.inc
              beaconEntry   0x00018e    program     static E:\CP316\ROBOPIC.X\ROBOPIC.X\main.asm
               beaconLoop   0x000086    program     static E:\CP316\ROBOPIC.X\ROBOPIC.X\main.asm
              beaconSetup   0x000154    program     static E:\CP316\ROBOPIC.X\ROBOPIC.X\main.asm
                   checkB   0x0000e2    program     static E:\CP316\ROBOPIC.X\ROBOPIC.X\main.asm
               checkBDist   0x000b84    program     static E:\CP316\ROBOPIC.X\ROBOPIC.X\Ultrasonic.inc
             checkBeacons   0x000094    program     static E:\CP316\ROBOPIC.X\ROBOPIC.X\main.asm
                 checkBtn   0x00009c    program     static E:\CP316\ROBOPIC.X\ROBOPIC.X\main.asm
                checkDist   0x000b7a    program     static E:\CP316\ROBOPIC.X\ROBOPIC.X\Ultrasonic.inc
               checkDistA   0x000b8c    program     static E:\CP316\ROBOPIC.X\ROBOPIC.X\Ultrasonic.inc
               checkDistB   0x000bae    program     static E:\CP316\ROBOPIC.X\ROBOPIC.X\Ultrasonic.inc
              checkMomBtn   0x0001de    program     static E:\CP316\ROBOPIC.X\ROBOPIC.X\main.asm
               checkPulse   0x000b70    program     static E:\CP316\ROBOPIC.X\ROBOPIC.X\Ultrasonic.inc
             clearBeacons   0x0001cc    program     static E:\CP316\ROBOPIC.X\ROBOPIC.X\main.asm
                     cont   0x000bac    program     static E:\CP316\ROBOPIC.X\ROBOPIC.X\Ultrasonic.inc
                  delayms   0x000a9e    program     static E:\CP316\ROBOPIC.X\ROBOPIC.X\Delay.inc
             delayms_loop   0x000aa2    program     static E:\CP316\ROBOPIC.X\ROBOPIC.X\Delay.inc
                  delayus   0x000a98    program     static E:\CP316\ROBOPIC.X\ROBOPIC.X\Delay.inc
            doneDistCheck   0x000b88    program     static E:\CP316\ROBOPIC.X\ROBOPIC.X\Ultrasonic.inc
            endBeaconLoop   0x0000a4    program     static E:\CP316\ROBOPIC.X\ROBOPIC.X\main.asm
                 inLimits   0x0001a2    program     static E:\CP316\ROBOPIC.X\ROBOPIC.X\main.asm
                     main   0x00001c    program     static E:\CP316\ROBOPIC.X\ROBOPIC.X\main.asm
                 mainLoop   0x0000a8    program     static E:\CP316\ROBOPIC.X\ROBOPIC.X\main.asm
                mainSetup   0x0000fa    program     static E:\CP316\ROBOPIC.X\ROBOPIC.X\main.asm
             mess_Beacons   0x000fb4    program     static E:\CP316\ROBOPIC.X\ROBOPIC.X\main.asm
              mess_Search   0x000fbe    program     static E:\CP316\ROBOPIC.X\ROBOPIC.X\main.asm
            nav_avoidWall   0x000c1a    program     static E:\CP316\ROBOPIC.X\ROBOPIC.X\Navigation.inc
       nav_avoidWall_done   0x000c64    program     static E:\CP316\ROBOPIC.X\ROBOPIC.X\Navigation.inc
                 nav_done   0x000bee    program     static E:\CP316\ROBOPIC.X\ROBOPIC.X\Navigation.inc
             nav_findWall   0x000c66    program     static E:\CP316\ROBOPIC.X\ROBOPIC.X\Navigation.inc
        nav_findWall_done   0x000cb0    program     static E:\CP316\ROBOPIC.X\ROBOPIC.X\Navigation.inc
                nav_found   0x000bf0    program     static E:\CP316\ROBOPIC.X\ROBOPIC.X\Navigation.inc
               nav_newDir   0x000cb2    program     static E:\CP316\ROBOPIC.X\ROBOPIC.X\Navigation.inc
          nav_notStraight   0x000be2    program     static E:\CP316\ROBOPIC.X\ROBOPIC.X\Navigation.inc
                 nav_step   0x000bd2    program     static E:\CP316\ROBOPIC.X\ROBOPIC.X\Navigation.inc
             nav_straight   0x000bfa    program     static E:\CP316\ROBOPIC.X\ROBOPIC.X\Navigation.inc
                 navigate   0x000bc2    program     static E:\CP316\ROBOPIC.X\ROBOPIC.X\Navigation.inc
              noDistCheck   0x0000f0    program     static E:\CP316\ROBOPIC.X\ROBOPIC.X\main.asm
                noIRCheck   0x0000f8    program     static E:\CP316\ROBOPIC.X\ROBOPIC.X\main.asm
                 noSearch   0x0000c6    program     static E:\CP316\ROBOPIC.X\ROBOPIC.X\main.asm
                noTrigger   0x000b78    program     static E:\CP316\ROBOPIC.X\ROBOPIC.X\Ultrasonic.inc
                  noprint   0x00008e    program     static E:\CP316\ROBOPIC.X\ROBOPIC.X\main.asm
                  notHigh   0x000198    program     static E:\CP316\ROBOPIC.X\ROBOPIC.X\main.asm
               notPressed   0x000202    program     static E:\CP316\ROBOPIC.X\ROBOPIC.X\main.asm
                  nullStr   0x000990    program     static E:\CP316\ROBOPIC.X\ROBOPIC.X\LCD.inc
                  pressed   0x0001ec    program     static E:\CP316\ROBOPIC.X\ROBOPIC.X\main.asm
             printBeacons   0x0001b4    program     static E:\CP316\ROBOPIC.X\ROBOPIC.X\main.asm
         printBeaconsLoop   0x0001bc    program     static E:\CP316\ROBOPIC.X\ROBOPIC.X\main.asm
                  progEnd   0x000fb0    program     static E:\CP316\ROBOPIC.X\ROBOPIC.X\main.asm
                rotateAll   0x000a3a    program     static E:\CP316\ROBOPIC.X\ROBOPIC.X\BCD.inc
               servoADone   0x000ab2    program     static E:\CP316\ROBOPIC.X\ROBOPIC.X\Servo.inc
               servoAMain   0x000aac    program     static E:\CP316\ROBOPIC.X\ROBOPIC.X\Servo.inc
               servoBDone   0x000ac6    program     static E:\CP316\ROBOPIC.X\ROBOPIC.X\Servo.inc
               servoBMain   0x000ab4    program     static E:\CP316\ROBOPIC.X\ROBOPIC.X\Servo.inc
               servo_dirA   0x000af8    program     static E:\CP316\ROBOPIC.X\ROBOPIC.X\Servo.inc
               servo_dirB   0x000afc    program     static E:\CP316\ROBOPIC.X\ROBOPIC.X\Servo.inc
               servo_setA   0x000ad0    program     static E:\CP316\ROBOPIC.X\ROBOPIC.X\Servo.inc
          servo_setASpeed   0x000ae0    program     static E:\CP316\ROBOPIC.X\ROBOPIC.X\Servo.inc
            servo_setAfwd   0x000adc    program     static E:\CP316\ROBOPIC.X\ROBOPIC.X\Servo.inc
               servo_setB   0x000ae4    program     static E:\CP316\ROBOPIC.X\ROBOPIC.X\Servo.inc
          servo_setBSpeed   0x000af4    program     static E:\CP316\ROBOPIC.X\ROBOPIC.X\Servo.inc
            servo_setBfwd   0x000af0    program     static E:\CP316\ROBOPIC.X\ROBOPIC.X\Servo.inc
              servo_stopA   0x000ac8    program     static E:\CP316\ROBOPIC.X\ROBOPIC.X\Servo.inc
              servo_stopB   0x000acc    program     static E:\CP316\ROBOPIC.X\ROBOPIC.X\Servo.inc
                 setFound   0x000f6e    program     static E:\CP316\ROBOPIC.X\ROBOPIC.X\main.asm
               setTrigger   0x000b5e    program     static E:\CP316\ROBOPIC.X\ROBOPIC.X\Ultrasonic.inc
             straightLeft   0x000c92    program     static E:\CP316\ROBOPIC.X\ROBOPIC.X\Navigation.inc
            straightRight   0x000c46    program     static E:\CP316\ROBOPIC.X\ROBOPIC.X\Navigation.inc
              ultraB_good   0x000bbe    program     static E:\CP316\ROBOPIC.X\ROBOPIC.X\Ultrasonic.inc
          ultraB_tooClose   0x000bba    program     static E:\CP316\ROBOPIC.X\ROBOPIC.X\Ultrasonic.inc
               ultraBcont   0x000bc0    program     static E:\CP316\ROBOPIC.X\ROBOPIC.X\Ultrasonic.inc
                unpackBCD   0x000a56    program     static E:\CP316\ROBOPIC.X\ROBOPIC.X\BCD.inc
              usart_OTHER   0x000d9c    program     static E:\CP316\ROBOPIC.X\ROBOPIC.X\USART.inc
            usart_checkRX   0x000d5e    program     static E:\CP316\ROBOPIC.X\ROBOPIC.X\USART.inc
          usart_doneCheck   0x000d88    program     static E:\CP316\ROBOPIC.X\ROBOPIC.X\USART.inc
               usart_not1   0x000d66    program     static E:\CP316\ROBOPIC.X\ROBOPIC.X\USART.inc
               usart_not2   0x000d6e    program     static E:\CP316\ROBOPIC.X\ROBOPIC.X\USART.inc
               usart_not3   0x000d76    program     static E:\CP316\ROBOPIC.X\ROBOPIC.X\USART.inc
               usart_not4   0x000d7e    program     static E:\CP316\ROBOPIC.X\ROBOPIC.X\USART.inc
               usart_not5   0x000d86    program     static E:\CP316\ROBOPIC.X\ROBOPIC.X\USART.inc
               usart_notA   0x000e16    program     static E:\CP316\ROBOPIC.X\ROBOPIC.X\USART.inc
               usart_notG   0x000da6    program     static E:\CP316\ROBOPIC.X\ROBOPIC.X\USART.inc
               usart_notM   0x000dce    program     static E:\CP316\ROBOPIC.X\ROBOPIC.X\USART.inc
               usart_notP   0x000dae    program     static E:\CP316\ROBOPIC.X\ROBOPIC.X\USART.inc
               usart_notW   0x000df2    program     static E:\CP316\ROBOPIC.X\ROBOPIC.X\USART.inc
               usart_notZ   0x000e3a    program     static E:\CP316\ROBOPIC.X\ROBOPIC.X\USART.inc
           usart_sendFreq   0x000e60    program     static E:\CP316\ROBOPIC.X\ROBOPIC.X\USART.inc
            usart_storeRX   0x000d8a    program     static E:\CP316\ROBOPIC.X\ROBOPIC.X\USART.inc
                wallClose   0x000ba8    program     static E:\CP316\ROBOPIC.X\ROBOPIC.X\Ultrasonic.inc
                  wallFar   0x000ba2    program     static E:\CP316\ROBOPIC.X\ROBOPIC.X\Ultrasonic.inc



                              Symbols - Sorted by Address
                     Name    Address   Location    Storage File                     
                ---------  ---------  ---------  --------- ---------                
                     main   0x00001c    program     static E:\CP316\ROBOPIC.X\ROBOPIC.X\main.asm
               beaconLoop   0x000086    program     static E:\CP316\ROBOPIC.X\ROBOPIC.X\main.asm
                  noprint   0x00008e    program     static E:\CP316\ROBOPIC.X\ROBOPIC.X\main.asm
             checkBeacons   0x000094    program     static E:\CP316\ROBOPIC.X\ROBOPIC.X\main.asm
                 checkBtn   0x00009c    program     static E:\CP316\ROBOPIC.X\ROBOPIC.X\main.asm
            endBeaconLoop   0x0000a4    program     static E:\CP316\ROBOPIC.X\ROBOPIC.X\main.asm
                 mainLoop   0x0000a8    program     static E:\CP316\ROBOPIC.X\ROBOPIC.X\main.asm
                 noSearch   0x0000c6    program     static E:\CP316\ROBOPIC.X\ROBOPIC.X\main.asm
                   checkB   0x0000e2    program     static E:\CP316\ROBOPIC.X\ROBOPIC.X\main.asm
              noDistCheck   0x0000f0    program     static E:\CP316\ROBOPIC.X\ROBOPIC.X\main.asm
                noIRCheck   0x0000f8    program     static E:\CP316\ROBOPIC.X\ROBOPIC.X\main.asm
                mainSetup   0x0000fa    program     static E:\CP316\ROBOPIC.X\ROBOPIC.X\main.asm
              beaconSetup   0x000154    program     static E:\CP316\ROBOPIC.X\ROBOPIC.X\main.asm
              beaconEntry   0x00018e    program     static E:\CP316\ROBOPIC.X\ROBOPIC.X\main.asm
                  notHigh   0x000198    program     static E:\CP316\ROBOPIC.X\ROBOPIC.X\main.asm
                 inLimits   0x0001a2    program     static E:\CP316\ROBOPIC.X\ROBOPIC.X\main.asm
             printBeacons   0x0001b4    program     static E:\CP316\ROBOPIC.X\ROBOPIC.X\main.asm
         printBeaconsLoop   0x0001bc    program     static E:\CP316\ROBOPIC.X\ROBOPIC.X\main.asm
             clearBeacons   0x0001cc    program     static E:\CP316\ROBOPIC.X\ROBOPIC.X\main.asm
              checkMomBtn   0x0001de    program     static E:\CP316\ROBOPIC.X\ROBOPIC.X\main.asm
                  pressed   0x0001ec    program     static E:\CP316\ROBOPIC.X\ROBOPIC.X\main.asm
               notPressed   0x000202    program     static E:\CP316\ROBOPIC.X\ROBOPIC.X\main.asm
                IBXTBL256   0x000204    program     static C:\MATH18\TBL256.INC     
                 DGETNRMD   0x000406    program     static C:\MATH18\UTILS.INC      
                DGETNRMDL   0x00040c    program     static C:\MATH18\UTILS.INC      
                DGETNRMDH   0x00041c    program     static C:\MATH18\UTILS.INC      
               D3232QZERO   0x000428    program     static C:\MATH18\UTILS.INC      
               D2424QZERO   0x00042e    program     static C:\MATH18\UTILS.INC      
               D1616QZERO   0x000434    program     static C:\MATH18\UTILS.INC      
                DREMZERO8   0x000442    program     static C:\MATH18\UTILS.INC      
                 FXD1608U   0x000446    program     static C:\MATH18\FXD1608U.INC   
                FXD1608U1   0x00044e    program     static C:\MATH18\FXD1608U.INC   
                FXD1608U2   0x000460    program     static C:\MATH18\FXD1608U.INC   
                 FXD3208U   0x0004c8    program     static C:\MATH18\FXD3208U.INC   
                 FXD2408U   0x000512    program     static C:\MATH18\FXD2408U.INC   
                 FXD1616U   0x000544    program     static C:\MATH18\FXD1616U.INC   
               D1616B0GT0   0x000558    program     static C:\MATH18\FXD1616U.INC   
                D1616AGEB   0x000570    program     static C:\MATH18\FXD1616U.INC   
              D1616UNRMOK   0x0005c8    program     static C:\MATH18\FXD1616U.INC   
                D1616UQOK   0x0005dc    program     static C:\MATH18\FXD1616U.INC   
                 D1616QOK   0x0005f0    program     static C:\MATH18\FXD1616U.INC   
                 FXD2416U   0x0005fa    program     static C:\MATH18\FXD2416U.INC   
                D2416BGT1   0x000614    program     static C:\MATH18\FXD2416U.INC   
                D2416AGTB   0x000630    program     static C:\MATH18\FXD2416U.INC   
              D2416UNRMOK   0x000692    program     static C:\MATH18\FXD2416U.INC   
               D2416ULOOP   0x0006a4    program     static C:\MATH18\FXD2416U.INC   
              D2416UQTEST   0x0006c4    program     static C:\MATH18\FXD2416U.INC   
                D2416UQOK   0x0006ee    program     static C:\MATH18\FXD2416U.INC   
                 D2416QOK   0x000718    program     static C:\MATH18\FXD2416U.INC   
              D2416FIXREM   0x00072e    program     static C:\MATH18\FXD2416U.INC   
               D2416REMOK   0x000754    program     static C:\MATH18\FXD2416U.INC   
                 FXD3216U   0x000760    program     static C:\MATH18\FXD3216U.inc   
                D3216BGT1   0x00077a    program     static C:\MATH18\FXD3216U.inc   
                D3216AGTB   0x00079e    program     static C:\MATH18\FXD3216U.inc   
              D3216UNRMOK   0x000810    program     static C:\MATH18\FXD3216U.inc   
               D3216ULOOP   0x000822    program     static C:\MATH18\FXD3216U.inc   
              D3216UQTEST   0x000840    program     static C:\MATH18\FXD3216U.inc   
                D3216UQOK   0x00086a    program     static C:\MATH18\FXD3216U.inc   
                 D3216QOK   0x000894    program     static C:\MATH18\FXD3216U.inc   
              D3216FIXREM   0x0008b2    program     static C:\MATH18\FXD3216U.inc   
               D3216REMOK   0x0008d8    program     static C:\MATH18\FXD3216U.inc   
                  LCDinit   0x0008e8    program     static E:\CP316\ROBOPIC.X\ROBOPIC.X\LCD.inc
             LCD_printHex   0x000978    program     static E:\CP316\ROBOPIC.X\ROBOPIC.X\LCD.inc
          LCD_printString   0x000982    program     static E:\CP316\ROBOPIC.X\ROBOPIC.X\LCD.inc
                  nullStr   0x000990    program     static E:\CP316\ROBOPIC.X\ROBOPIC.X\LCD.inc
            LCD_printChar   0x000992    program     static E:\CP316\ROBOPIC.X\ROBOPIC.X\LCD.inc
              LCD_setAddr   0x0009a4    program     static E:\CP316\ROBOPIC.X\ROBOPIC.X\LCD.inc
             LCD_shiftLCD   0x0009b6    program     static E:\CP316\ROBOPIC.X\ROBOPIC.X\LCD.inc
           LCD_shiftRight   0x0009c4    program     static E:\CP316\ROBOPIC.X\ROBOPIC.X\LCD.inc
            LCD_shiftSend   0x0009c6    program     static E:\CP316\ROBOPIC.X\ROBOPIC.X\LCD.inc
           LCD_returnHome   0x0009d8    program     static E:\CP316\ROBOPIC.X\ROBOPIC.X\LCD.inc
                LCD_clear   0x0009f4    program     static E:\CP316\ROBOPIC.X\ROBOPIC.X\LCD.inc
                 LCD_send   0x000a10    program     static E:\CP316\ROBOPIC.X\ROBOPIC.X\LCD.inc
                LCD_send2   0x000a1a    program     static E:\CP316\ROBOPIC.X\ROBOPIC.X\LCD.inc
                  Bin2BCD   0x000a30    program     static E:\CP316\ROBOPIC.X\ROBOPIC.X\BCD.inc
                rotateAll   0x000a3a    program     static E:\CP316\ROBOPIC.X\ROBOPIC.X\BCD.inc
                unpackBCD   0x000a56    program     static E:\CP316\ROBOPIC.X\ROBOPIC.X\BCD.inc
                  delayus   0x000a98    program     static E:\CP316\ROBOPIC.X\ROBOPIC.X\Delay.inc
                  delayms   0x000a9e    program     static E:\CP316\ROBOPIC.X\ROBOPIC.X\Delay.inc
             delayms_loop   0x000aa2    program     static E:\CP316\ROBOPIC.X\ROBOPIC.X\Delay.inc
               servoAMain   0x000aac    program     static E:\CP316\ROBOPIC.X\ROBOPIC.X\Servo.inc
               servoADone   0x000ab2    program     static E:\CP316\ROBOPIC.X\ROBOPIC.X\Servo.inc
               servoBMain   0x000ab4    program     static E:\CP316\ROBOPIC.X\ROBOPIC.X\Servo.inc
               servoBDone   0x000ac6    program     static E:\CP316\ROBOPIC.X\ROBOPIC.X\Servo.inc
              servo_stopA   0x000ac8    program     static E:\CP316\ROBOPIC.X\ROBOPIC.X\Servo.inc
              servo_stopB   0x000acc    program     static E:\CP316\ROBOPIC.X\ROBOPIC.X\Servo.inc
               servo_setA   0x000ad0    program     static E:\CP316\ROBOPIC.X\ROBOPIC.X\Servo.inc
            servo_setAfwd   0x000adc    program     static E:\CP316\ROBOPIC.X\ROBOPIC.X\Servo.inc
          servo_setASpeed   0x000ae0    program     static E:\CP316\ROBOPIC.X\ROBOPIC.X\Servo.inc
               servo_setB   0x000ae4    program     static E:\CP316\ROBOPIC.X\ROBOPIC.X\Servo.inc
            servo_setBfwd   0x000af0    program     static E:\CP316\ROBOPIC.X\ROBOPIC.X\Servo.inc
          servo_setBSpeed   0x000af4    program     static E:\CP316\ROBOPIC.X\ROBOPIC.X\Servo.inc
               servo_dirA   0x000af8    program     static E:\CP316\ROBOPIC.X\ROBOPIC.X\Servo.inc
               servo_dirB   0x000afc    program     static E:\CP316\ROBOPIC.X\ROBOPIC.X\Servo.inc
                  RPG_get   0x000b00    program     static E:\CP316\ROBOPIC.X\ROBOPIC.X\RPG.inc
                RPG_check   0x000b12    program     static E:\CP316\ROBOPIC.X\ROBOPIC.X\RPG.inc
              RPG_changed   0x000b1e    program     static E:\CP316\ROBOPIC.X\ROBOPIC.X\RPG.inc
               RPG_ccwDir   0x000b26    program     static E:\CP316\ROBOPIC.X\ROBOPIC.X\RPG.inc
                RPG_cwDir   0x000b2c    program     static E:\CP316\ROBOPIC.X\ROBOPIC.X\RPG.inc
            RPG_doneCheck   0x000b30    program     static E:\CP316\ROBOPIC.X\ROBOPIC.X\RPG.inc
              RPG_calcCCW   0x000b32    program     static E:\CP316\ROBOPIC.X\ROBOPIC.X\RPG.inc
                 RPG_setz   0x000b3e    program     static E:\CP316\ROBOPIC.X\ROBOPIC.X\RPG.inc
             RPG_doneNext   0x000b40    program     static E:\CP316\ROBOPIC.X\ROBOPIC.X\RPG.inc
                  RPG_dec   0x000b46    program     static E:\CP316\ROBOPIC.X\ROBOPIC.X\RPG.inc
              RPG_decDone   0x000b50    program     static E:\CP316\ROBOPIC.X\ROBOPIC.X\RPG.inc
                  RPG_inc   0x000b52    program     static E:\CP316\ROBOPIC.X\ROBOPIC.X\RPG.inc
           RPG_resetCount   0x000b58    program     static E:\CP316\ROBOPIC.X\ROBOPIC.X\RPG.inc
               setTrigger   0x000b5e    program     static E:\CP316\ROBOPIC.X\ROBOPIC.X\Ultrasonic.inc
               checkPulse   0x000b70    program     static E:\CP316\ROBOPIC.X\ROBOPIC.X\Ultrasonic.inc
                noTrigger   0x000b78    program     static E:\CP316\ROBOPIC.X\ROBOPIC.X\Ultrasonic.inc
                checkDist   0x000b7a    program     static E:\CP316\ROBOPIC.X\ROBOPIC.X\Ultrasonic.inc
               checkBDist   0x000b84    program     static E:\CP316\ROBOPIC.X\ROBOPIC.X\Ultrasonic.inc
            doneDistCheck   0x000b88    program     static E:\CP316\ROBOPIC.X\ROBOPIC.X\Ultrasonic.inc
               checkDistA   0x000b8c    program     static E:\CP316\ROBOPIC.X\ROBOPIC.X\Ultrasonic.inc
                  wallFar   0x000ba2    program     static E:\CP316\ROBOPIC.X\ROBOPIC.X\Ultrasonic.inc
                wallClose   0x000ba8    program     static E:\CP316\ROBOPIC.X\ROBOPIC.X\Ultrasonic.inc
                     cont   0x000bac    program     static E:\CP316\ROBOPIC.X\ROBOPIC.X\Ultrasonic.inc
               checkDistB   0x000bae    program     static E:\CP316\ROBOPIC.X\ROBOPIC.X\Ultrasonic.inc
          ultraB_tooClose   0x000bba    program     static E:\CP316\ROBOPIC.X\ROBOPIC.X\Ultrasonic.inc
              ultraB_good   0x000bbe    program     static E:\CP316\ROBOPIC.X\ROBOPIC.X\Ultrasonic.inc
               ultraBcont   0x000bc0    program     static E:\CP316\ROBOPIC.X\ROBOPIC.X\Ultrasonic.inc
                 navigate   0x000bc2    program     static E:\CP316\ROBOPIC.X\ROBOPIC.X\Navigation.inc
                 nav_step   0x000bd2    program     static E:\CP316\ROBOPIC.X\ROBOPIC.X\Navigation.inc
          nav_notStraight   0x000be2    program     static E:\CP316\ROBOPIC.X\ROBOPIC.X\Navigation.inc
                 nav_done   0x000bee    program     static E:\CP316\ROBOPIC.X\ROBOPIC.X\Navigation.inc
                nav_found   0x000bf0    program     static E:\CP316\ROBOPIC.X\ROBOPIC.X\Navigation.inc
             nav_straight   0x000bfa    program     static E:\CP316\ROBOPIC.X\ROBOPIC.X\Navigation.inc
            nav_avoidWall   0x000c1a    program     static E:\CP316\ROBOPIC.X\ROBOPIC.X\Navigation.inc
            straightRight   0x000c46    program     static E:\CP316\ROBOPIC.X\ROBOPIC.X\Navigation.inc
       nav_avoidWall_done   0x000c64    program     static E:\CP316\ROBOPIC.X\ROBOPIC.X\Navigation.inc
             nav_findWall   0x000c66    program     static E:\CP316\ROBOPIC.X\ROBOPIC.X\Navigation.inc
             straightLeft   0x000c92    program     static E:\CP316\ROBOPIC.X\ROBOPIC.X\Navigation.inc
        nav_findWall_done   0x000cb0    program     static E:\CP316\ROBOPIC.X\ROBOPIC.X\Navigation.inc
               nav_newDir   0x000cb2    program     static E:\CP316\ROBOPIC.X\ROBOPIC.X\Navigation.inc
                 IR_check   0x000cd2    program     static E:\CP316\ROBOPIC.X\ROBOPIC.X\IR.inc
                  IR_done   0x000d14    program     static E:\CP316\ROBOPIC.X\ROBOPIC.X\IR.inc
           IR_displayFreq   0x000d1c    program     static E:\CP316\ROBOPIC.X\ROBOPIC.X\IR.inc
            usart_checkRX   0x000d5e    program     static E:\CP316\ROBOPIC.X\ROBOPIC.X\USART.inc
               usart_not1   0x000d66    program     static E:\CP316\ROBOPIC.X\ROBOPIC.X\USART.inc
               usart_not2   0x000d6e    program     static E:\CP316\ROBOPIC.X\ROBOPIC.X\USART.inc
               usart_not3   0x000d76    program     static E:\CP316\ROBOPIC.X\ROBOPIC.X\USART.inc
               usart_not4   0x000d7e    program     static E:\CP316\ROBOPIC.X\ROBOPIC.X\USART.inc
               usart_not5   0x000d86    program     static E:\CP316\ROBOPIC.X\ROBOPIC.X\USART.inc
          usart_doneCheck   0x000d88    program     static E:\CP316\ROBOPIC.X\ROBOPIC.X\USART.inc
            usart_storeRX   0x000d8a    program     static E:\CP316\ROBOPIC.X\ROBOPIC.X\USART.inc
              usart_OTHER   0x000d9c    program     static E:\CP316\ROBOPIC.X\ROBOPIC.X\USART.inc
               usart_notG   0x000da6    program     static E:\CP316\ROBOPIC.X\ROBOPIC.X\USART.inc
               usart_notP   0x000dae    program     static E:\CP316\ROBOPIC.X\ROBOPIC.X\USART.inc
               usart_notM   0x000dce    program     static E:\CP316\ROBOPIC.X\ROBOPIC.X\USART.inc
               usart_notW   0x000df2    program     static E:\CP316\ROBOPIC.X\ROBOPIC.X\USART.inc
               usart_notA   0x000e16    program     static E:\CP316\ROBOPIC.X\ROBOPIC.X\USART.inc
               usart_notZ   0x000e3a    program     static E:\CP316\ROBOPIC.X\ROBOPIC.X\USART.inc
           usart_sendFreq   0x000e60    program     static E:\CP316\ROBOPIC.X\ROBOPIC.X\USART.inc
                 ISR_high   0x000eb6    program     static E:\CP316\ROBOPIC.X\ROBOPIC.X\main.asm
            ISR_high_pri0   0x000ec4    program     static E:\CP316\ROBOPIC.X\ROBOPIC.X\main.asm
            ISR_high_pri1   0x000eee    program     static E:\CP316\ROBOPIC.X\ROBOPIC.X\main.asm
            ISR_high_done   0x000f36    program     static E:\CP316\ROBOPIC.X\ROBOPIC.X\main.asm
                  ISR_low   0x000f40    program     static E:\CP316\ROBOPIC.X\ROBOPIC.X\main.asm
                 ISR_CCP1   0x000f58    program     static E:\CP316\ROBOPIC.X\ROBOPIC.X\main.asm
                 setFound   0x000f6e    program     static E:\CP316\ROBOPIC.X\ROBOPIC.X\main.asm
                  CCPdone   0x000f74    program     static E:\CP316\ROBOPIC.X\ROBOPIC.X\main.asm
               ISR_ultraA   0x000f78    program     static E:\CP316\ROBOPIC.X\ROBOPIC.X\main.asm
               ISR_ultraB   0x000f88    program     static E:\CP316\ROBOPIC.X\ROBOPIC.X\main.asm
              ISR_usartRX   0x000f98    program     static E:\CP316\ROBOPIC.X\ROBOPIC.X\main.asm
            ISR_low_doneU   0x000fa4    program     static E:\CP316\ROBOPIC.X\ROBOPIC.X\main.asm
             ISR_low_done   0x000fa8    program     static E:\CP316\ROBOPIC.X\ROBOPIC.X\main.asm
                  progEnd   0x000fb0    program     static E:\CP316\ROBOPIC.X\ROBOPIC.X\main.asm
             mess_Beacons   0x000fb4    program     static E:\CP316\ROBOPIC.X\ROBOPIC.X\main.asm
              mess_Search   0x000fbe    program     static E:\CP316\ROBOPIC.X\ROBOPIC.X\main.asm


